
> sshawn9.com@0.0.1 test
> export SITE_MODE=${SITE_MODE:-preview}; vitest run && npm run build && playwright test


 RUN  v5.0.0 /home/star/ghq/github.com/sshawn9/sshawn9.com

(node:1022705) ExperimentalWarning: DecompressInterceptor is experimental and subject to change
(Use `node --trace-warnings ...` to show where the warning was created)
(node:1022694) ExperimentalWarning: DecompressInterceptor is experimental and subject to change
(Use `node --trace-warnings ...` to show where the warning was created)

 Test Files  64 passed (64)
      Tests  184 passed (184)
   Start at  20:19:37
   Duration  3.52s (tests 40%, transform 32%, import 25%, worker 2%)

  Transform  transforming modules took 5.12s · 32% of tracked time, re-done on every run
             persist transforms across runs with fsModuleCache: true
             learn more: https://vitest.dev/guide/improving-performance#caching-between-reruns


> sshawn9.com@0.0.1 build
> npm run build --workspace @sshawn9/site


> build
> astro build

i [paraglide-js] Compilation skipped — inputs unchanged (message-modules)
20:19:41 [content] Syncing content
20:19:41 [content] Synced content
20:19:41 [types] Generated 398ms
20:19:41 [build] output: "static"
20:19:41 [build] mode: "static"
20:19:41 [build] directory: /home/star/ghq/github.com/sshawn9/sshawn9.com/apps/site/dist/
20:19:41 [build] Collecting build info...
20:19:41 [build] ✓ Completed in 456ms.
20:19:41 [build] Building static entrypoints...
i [paraglide-js] Compilation skipped — inputs unchanged (message-modules)
20:19:44 [assets] Copying fonts (4 files)...
20:19:44 [vite] ✓ built in 3.09s
i [paraglide-js] Compilation skipped — inputs unchanged (message-modules)
20:19:48 [WARN] [vite] [plugin builtin:vite-reporter] 
(!) Some chunks are larger than 500 kB after minification. Consider:
- Using dynamic import() to code-split the application
- Use build.rolldownOptions.output.codeSplitting to improve chunking: https://rolldown.rs/reference/OutputOptions.codeSplitting
- Adjust chunk size limit for this warning via build.chunkSizeWarningLimit.
20:19:48 [vite] ✓ built in 3.42s
20:19:48 [build] Rearranging server assets...

 generating static routes 
20:19:48   ├─ /404.html (+10ms) 
20:19:48   ├─ /en/about/index.html (+15ms) 
20:19:48   ├─ /zh/about/index.html (+12ms) 
20:19:48   ├─ /en/blog/my-personal-website/compare/data/1.json (+2ms) 
20:19:48   ├─ /en/blog/my-personal-website/compare/data/2.json (+1ms) 
20:19:48   ├─ /zh/blog/my-personal-website/compare/data/1.json (+1ms) 
20:19:48   ├─ /zh/blog/my-personal-website/compare/data/2.json (+1ms) 
20:19:48   ├─ /en/blog/my-personal-website/compare/index.html (+7ms) 
20:19:48   ├─ /zh/blog/my-personal-website/compare/index.html (+3ms) 
20:19:48   ├─ /en/blog/my-personal-website/v/1/index.html (+7ms) 
20:19:48   ├─ /zh/blog/my-personal-website/v/1/index.html (+3ms) 
20:19:48   ├─ /en/blog/persistent-navigation-shell-and-client-lifecycle-for-my-website/index.html (+2ms) 
20:19:48   ├─ /en/blog/git-identity-management/index.html (+2ms) 
20:19:48   ├─ /en/blog/rotating-scenic-backgrounds-for-my-website/index.html (+2ms) 
20:19:48   ├─ /en/blog/docker-podman-storage-architecture/index.html (+2ms) 
20:19:48   ├─ /en/blog/git-operations-reference/index.html (+2ms) 
20:19:48   ├─ /en/blog/intent-cannot-be-fully-specified-upfront/index.html (+2ms) 
20:19:48   ├─ /en/blog/obsidian-wayland-app-id-mismatch/index.html (+2ms) 
20:19:48   ├─ /en/blog/secure-access-encryption-and-secret-management/index.html (+2ms) 
20:19:48   ├─ /en/blog/closed-loop-control-timing/index.html (+8ms) 
20:19:48   ├─ /en/blog/frenet-arc-length-conversion/index.html (+43ms) 
20:19:48   ├─ /en/blog/frenet-vehicle-kinematics/index.html (+68ms) 
20:19:49   ├─ /en/blog/planar-frenet-frame/index.html (+37ms) 
20:19:49   ├─ /en/blog/simulation-work-with-carla/index.html (+2ms) 
20:19:49   ├─ /en/blog/self-hosting-tools-and-services/index.html (+4ms) 
20:19:49   ├─ /en/blog/configuration-management-for-autonomous-driving-systems/index.html (+1ms) 
20:19:49   ├─ /en/blog/my-personal-website/index.html (+1ms) 
20:19:49   ├─ /zh/blog/persistent-navigation-shell-and-client-lifecycle-for-my-website/index.html (+2ms) 
20:19:49   ├─ /zh/blog/git-identity-management/index.html (+1ms) 
20:19:49   ├─ /zh/blog/rotating-scenic-backgrounds-for-my-website/index.html (+1ms) 
20:19:49   ├─ /zh/blog/docker-podman-storage-architecture/index.html (+1ms) 
20:19:49   ├─ /zh/blog/git-operations-reference/index.html (+2ms) 
20:19:49   ├─ /zh/blog/intent-cannot-be-fully-specified-upfront/index.html (+1ms) 
20:19:49   ├─ /zh/blog/obsidian-wayland-app-id-mismatch/index.html (+1ms) 
20:19:49   ├─ /zh/blog/secure-access-encryption-and-secret-management/index.html (+1ms) 
20:19:49   ├─ /zh/blog/closed-loop-control-timing/index.html (+3ms) 
20:19:49   ├─ /zh/blog/frenet-arc-length-conversion/index.html (+36ms) 
20:19:49   ├─ /zh/blog/frenet-vehicle-kinematics/index.html (+52ms) 
20:19:49   ├─ /zh/blog/planar-frenet-frame/index.html (+39ms) 
20:19:49   ├─ /zh/blog/simulation-work-with-carla/index.html (+2ms) 
20:19:49   ├─ /zh/blog/self-hosting-tools-and-services/index.html (+3ms) 
20:19:49   ├─ /zh/blog/configuration-management-for-autonomous-driving-systems/index.html (+1ms) 
20:19:49   ├─ /zh/blog/my-personal-website/index.html (+1ms) 
20:19:49   ├─ /en/blog/index.html (+3ms) 
20:19:49   ├─ /zh/blog/index.html (+2ms) 
20:19:49   ├─ /en/projects/autonomous-driving-motion-control/index.html (+2ms) 
20:19:49   ├─ /zh/projects/autonomous-driving-motion-control/index.html (+1ms) 
20:19:49   ├─ /en/projects/index.html (+3ms) 
20:19:49   ├─ /zh/projects/index.html (+2ms) 
20:19:49   ├─ /en/search/index.html (+1ms) 
20:19:49   ├─ /zh/search/index.html (+1ms) 
20:19:49   ├─ /en/tags/frenet/index.html (+1ms) 
20:19:49   ├─ /en/tags/personal-website/index.html (+1ms) 
20:19:49   ├─ /en/tags/arc-length-parameterization/index.html (+1ms) 
20:19:49   ├─ /en/tags/astro/index.html (+1ms) 
20:19:49   ├─ /en/tags/autonomous-driving/index.html (+1ms) 
20:19:49   ├─ /en/tags/frontend/index.html (+1ms) 
20:19:49   ├─ /en/tags/git/index.html (+1ms) 
20:19:49   ├─ /en/tags/interactive-visualization/index.html (+1ms) 
20:19:49   ├─ /en/tags/ssh/index.html (+1ms) 
20:19:49   ├─ /en/tags/user-experience/index.html (+1ms) 
20:19:49   ├─ /en/tags/vehicle-kinematics/index.html (+1ms) 
20:19:49   ├─ /en/tags/age/index.html (+1ms) 
20:19:49   ├─ /en/tags/ai-assisted-development/index.html (+1ms) 
20:19:49   ├─ /en/tags/carla/index.html (+1ms) 
20:19:49   ├─ /en/tags/cloudflare-workers/index.html (+1ms) 
20:19:49   ├─ /en/tags/communication/index.html (+1ms) 
20:19:49   ├─ /en/tags/configuration-management/index.html (+1ms) 
20:19:49   ├─ /en/tags/control-systems/index.html (+1ms) 
20:19:49   ├─ /en/tags/control-timing/index.html (+1ms) 
20:19:49   ├─ /en/tags/differential-geometry/index.html (+1ms) 
20:19:49   ├─ /en/tags/docker/index.html (+1ms) 
20:19:49   ├─ /en/tags/electron/index.html (+1ms) 
20:19:49   ├─ /en/tags/generative-ai/index.html (+1ms) 
20:19:49   ├─ /en/tags/human-ai-collaboration/index.html (+1ms) 
20:19:49   ├─ /en/tags/motion-control/index.html (+1ms) 
20:19:49   ├─ /en/tags/obsidian/index.html (+1ms) 
20:19:49   ├─ /en/tags/pagefind/index.html (+1ms) 
20:19:49   ├─ /en/tags/path-tracking/index.html (+1ms) 
20:19:49   ├─ /en/tags/plane-curves/index.html (+1ms) 
20:19:49   ├─ /en/tags/podman/index.html (+1ms) 
20:19:49   ├─ /en/tags/preference-construction/index.html (+1ms) 
20:19:49   ├─ /en/tags/reproducibility/index.html (+1ms) 
20:19:49   ├─ /en/tags/requirements-engineering/index.html (+1ms) 
20:19:49   ├─ /en/tags/sampling/index.html (+1ms) 
20:19:49   ├─ /en/tags/secret-management/index.html (+1ms) 
20:19:49   ├─ /en/tags/self-hosting/index.html (+1ms) 
20:19:49   ├─ /en/tags/server-management/index.html (+1ms) 
20:19:49   ├─ /en/tags/signed-curvature/index.html (+1ms) 
20:19:49   ├─ /en/tags/simulation/index.html (+1ms) 
20:19:49   ├─ /en/tags/sops/index.html (+1ms) 
20:19:49   ├─ /en/tags/static-site-generation/index.html (+1ms) 
20:19:49   ├─ /en/tags/swup/index.html (+1ms) 
20:19:49   ├─ /en/tags/unsplash/index.html (+1ms) 
20:19:49   ├─ /en/tags/wayland/index.html (+1ms) 
20:19:49   ├─ /zh/tags/frenet/index.html (+1ms) 
20:19:49   ├─ /zh/tags/personal-website/index.html (+1ms) 
20:19:49   ├─ /zh/tags/arc-length-parameterization/index.html (+1ms) 
20:19:49   ├─ /zh/tags/astro/index.html (+1ms) 
20:19:49   ├─ /zh/tags/autonomous-driving/index.html (+2ms) 
20:19:49   ├─ /zh/tags/frontend/index.html (+1ms) 
20:19:49   ├─ /zh/tags/git/index.html (+1ms) 
20:19:49   ├─ /zh/tags/interactive-visualization/index.html (+1ms) 
20:19:49   ├─ /zh/tags/ssh/index.html (+1ms) 
20:19:49   ├─ /zh/tags/user-experience/index.html (+1ms) 
20:19:49   ├─ /zh/tags/vehicle-kinematics/index.html (+1ms) 
20:19:49   ├─ /zh/tags/age/index.html (+1ms) 
20:19:49   ├─ /zh/tags/ai-assisted-development/index.html (+1ms) 
20:19:49   ├─ /zh/tags/carla/index.html (+1ms) 
20:19:49   ├─ /zh/tags/cloudflare-workers/index.html (+1ms) 
20:19:49   ├─ /zh/tags/communication/index.html (+1ms) 
20:19:49   ├─ /zh/tags/configuration-management/index.html (+1ms) 
20:19:49   ├─ /zh/tags/control-systems/index.html (+7ms) 
20:19:49   ├─ /zh/tags/control-timing/index.html (+1ms) 
20:19:49   ├─ /zh/tags/differential-geometry/index.html (+1ms) 
20:19:49   ├─ /zh/tags/docker/index.html (+1ms) 
20:19:49   ├─ /zh/tags/electron/index.html (+1ms) 
20:19:49   ├─ /zh/tags/generative-ai/index.html (+1ms) 
20:19:49   ├─ /zh/tags/human-ai-collaboration/index.html (+1ms) 
20:19:49   ├─ /zh/tags/motion-control/index.html (+1ms) 
20:19:49   ├─ /zh/tags/obsidian/index.html (+1ms) 
20:19:49   ├─ /zh/tags/pagefind/index.html (+1ms) 
20:19:49   ├─ /zh/tags/path-tracking/index.html (+1ms) 
20:19:49   ├─ /zh/tags/plane-curves/index.html (+1ms) 
20:19:49   ├─ /zh/tags/podman/index.html (+1ms) 
20:19:49   ├─ /zh/tags/preference-construction/index.html (+1ms) 
20:19:49   ├─ /zh/tags/reproducibility/index.html (+1ms) 
20:19:49   ├─ /zh/tags/requirements-engineering/index.html (+1ms) 
20:19:49   ├─ /zh/tags/sampling/index.html (+1ms) 
20:19:49   ├─ /zh/tags/secret-management/index.html (+1ms) 
20:19:49   ├─ /zh/tags/self-hosting/index.html (+1ms) 
20:19:49   ├─ /zh/tags/server-management/index.html (+1ms) 
20:19:49   ├─ /zh/tags/signed-curvature/index.html (+1ms) 
20:19:49   ├─ /zh/tags/simulation/index.html (+1ms) 
20:19:49   ├─ /zh/tags/sops/index.html (+1ms) 
20:19:49   ├─ /zh/tags/static-site-generation/index.html (+1ms) 
20:19:49   ├─ /zh/tags/swup/index.html (+1ms) 
20:19:49   ├─ /zh/tags/unsplash/index.html (+1ms) 
20:19:49   ├─ /zh/tags/wayland/index.html (+1ms) 
20:19:49   ├─ /en/index.html (+2ms) 
20:19:49   ├─ /zh/index.html (+1ms) 
20:19:49   ├─ /index.html (+1ms) 
20:19:49 ✓ Completed in 903ms.

 generating optimized images 
20:19:49   ▶ /_astro/autonomous-documentation-with-readthedocs.Dzecs1vC_57w9Q.webp (reused cache entry) (+8ms) (1/4)
20:19:49   ▶ /_astro/start-with-the-theme-template.m9xq3psR_Z1MHUS.webp (reused cache entry) (+8ms) (2/4)
20:19:49   ▶ /_astro/liquid-exception.CDVKLfw__2tqq51.webp (reused cache entry) (+8ms) (3/4)
20:19:49   ▶ /_astro/autonomous-documentation-with-readthedocs.Dzecs1vC_ZR5o4e.webp (reused cache entry) (+0ms) (4/4)
20:19:49 ✓ Completed in 9ms.

20:19:49 [build] ✓ Completed in 7.48s.
20:19:49 [site-pagefind] Processed 138 HTML files and wrote the search index.
20:19:49 [build] 138 page(s) built in 8.38s
20:19:49 [build] Complete!
[WebServer] (node:1023746) Warning: The 'NO_COLOR' env is ignored due to the 'FORCE_COLOR' env being set.
[WebServer] (Use `node --trace-warnings ...` to show where the warning was created)

[WebServer] (node:1023757) Warning: The 'NO_COLOR' env is ignored due to the 'FORCE_COLOR' env being set.
[WebServer] (Use `node --trace-warnings ...` to show where the warning was created)


Running 142 tests using 1 worker

(node:1023818) Warning: The 'NO_COLOR' env is ignored due to the 'FORCE_COLOR' env being set.
(Use `node --trace-warnings ...` to show where the warning was created)


[1/142] [chromium] › tests/appearance/background-presentation/browser.spec.ts:51:1 › the four theme and background combinations project one coherent backdrop state
[2/142] [chromium] › tests/appearance/background-presentation/browser.spec.ts:118:1 › rapidly reversed theme and mode transitions settle on only the latest choice
[3/142] [chromium] › tests/appearance/theme-first-frame/browser.spec.ts:16:1 › theme, font gate and article geometry are coherent in every sampled frame after FCP
[4/142] [chromium] › tests/appearance/theme-preference/browser.spec.ts:3:1 › the system theme is followed only until the visitor makes an explicit choice
[5/142] [chromium] › tests/appearance/theme-preference/browser.spec.ts:31:1 › a corrupt saved theme safely falls back to the current system preference
[6/142] [chromium] › tests/article/comparison-layout/browser.spec.ts:9:1 › comparison layout follows its width threshold and preserves an explicit display mode
[7/142] [chromium] › tests/article/comparison-lazy-loading/browser.spec.ts:6:1 › comparison data loads only after entering the comparison route
[8/142] [chromium] › tests/article/sidebar-geometry/browser.spec.ts:5:1 › the article sidebar resizes, collapses, and restores consistently in sampled frames after first contentful paint
[9/142] [chromium] › tests/article/sidebar-geometry/browser.spec.ts:93:3 › the article sidebar remains usable at a 520px viewport and stops before the footer
[10/142] [chromium] › tests/article/sidebar-geometry/browser.spec.ts:93:3 › the article sidebar remains usable at a 500px viewport and stops before the footer
[11/142] [chromium] › tests/article/toc-scroll-history/browser.spec.ts:5:1 › the static TOC synchronizes fragment state and restores page scroll across refresh
[12/142] [chromium] › tests/article/versioned-output/browser.spec.ts:7:1 › article support, historical snapshots, and comparison fallback exist in generated documents
[13/142] [chromium] › tests/blog/cold-entry-consistency/browser.spec.ts:43:1 › filtered and paginated cold entries stay consistent in the sampled frames after first contentful paint
[14/142] [chromium] › tests/blog/filter-state/browser.spec.ts:17:1 › union filters keep global facets, article selection, URL, and history synchronized
[15/142] [chromium] › tests/blog/filter-state/browser.spec.ts:86:1 › two tag clicks in one frame retain both history entries and traverse one intent at a time
[16/142] [chromium] › tests/blog/filter-state/browser.spec.ts:112:1 › leaving a local blog view and returning restores its selected tags
[17/142] [chromium] › tests/blog/filter-state/browser.spec.ts:128:3 › local tag history remains in place reduced-motion
[18/142] [chromium] › tests/blog/filter-state/browser.spec.ts:128:3 › local tag history remains in place without-view-transitions
[19/142] [chromium] › tests/blog/listing-visual-hierarchy/browser.spec.ts:5:1 › listing emphasis and pagination retain the tuned information hierarchy
[20/142] [chromium] › tests/blog/mobile-disclosure-state/browser.spec.ts:9:1 › mobile tag disclosure remains usable after a collapsed desktop sidebar
[21/142] [chromium] › tests/blog/mobile-disclosure-state/browser.spec.ts:41:1 › mobile pagination and traversal retain the live tag disclosure state
[22/142] [chromium] › tests/blog/query-routing-boundary/browser.spec.ts:10:1 › an undeclared blog query follows the document-update path instead of a local view
[23/142] [chromium] › tests/blog/sidebar-geometry/browser.spec.ts:36:1 › the desktop sidebar resizes, collapses, and restores its geometry in sampled frames after first contentful paint
[24/142] [chromium] › tests/blog/sidebar-geometry/browser.spec.ts:163:1 › the sidebar keeps its layout across result heights and stops before the footer
[25/142] [chromium] › tests/blog/sidebar-scroll-restoration/browser.spec.ts:5:1 › sidebar scrolling is independent and restores in sampled frames after refresh
[26/142] [chromium] › tests/blog/startup-fallback/browser.spec.ts:6:1 › the static blog remains readable and navigable when its enhancement runtime fails
[27/142] [chromium] › tests/blog/startup-fallback/browser.spec.ts:41:1 › a stalled enhancement module cannot hide the initially restored page-two list
[28/142] [chromium] › tests/blog/static-tag-page/browser.spec.ts:7:1 › a static tag page canonicalizes ignored filters without losing its controller
[29/142] [chromium] › tests/build/artifact-identity/browser.spec.ts:8:1 › HTML, the live client, and search metadata share the built artifact identity
[30/142] [chromium] › tests/build/artifact-identity/browser.spec.ts:51:1 › a different target build hands navigation off to a new document
[31/142] [chromium] › tests/build/document-assets/browser.spec.ts:3:1 › sampled document generations reference the shared site icon and localized manifest
[32/142] [chromium] › tests/build/html-cache/browser.spec.ts:23:1 › Cloudflare applies URL-scoped HTML caching without overriding asset policies
[33/142] [chromium] › tests/build/html-cache/browser.spec.ts:82:1 › prefetched HTML is reused on client navigation while reload still revalidates
[34/142] [chromium] › tests/build/publishing-mode/browser.spec.ts:3:1 › the generated site obeys its production or preview publishing mode
[35/142] [chromium] › tests/build/resource-inventory/browser.spec.ts:94:1 › inventory matches the built document identity and has complete local Pagefind output
[36/142] [chromium] › tests/build/resource-inventory/browser.spec.ts:118:1 › a cold Chinese About document requests only associated fonts
[37/142] [chromium] › tests/build/resource-inventory/browser.spec.ts:126:1 › a cold Chinese formula document requests only associated fonts
[38/142] [chromium] › tests/build/resource-inventory/browser.spec.ts:138:1 › a cold Chinese client-only figure requests only associated fonts
[39/142] [chromium] › tests/build/resource-inventory/browser.spec.ts:148:1 › sampled runtime asset requests remain within inventory associations
[40/142] [chromium] › tests/build/source-commit/browser.spec.ts:8:1 › only About footers render the source commit in built HTML and client navigation
[41/142] [chromium] › tests/build/typography-cache/browser.spec.ts:34:1 › built pages share one independent typography stylesheet with emitted fonts
[42/142] [chromium] › tests/build/typography-cache/browser.spec.ts:59:1 › client navigation to Chinese math content keeps the global vendor URL
[43/142] [chromium] › tests/fonts/cached-first-frame/browser.spec.ts:80:1 › cached reload uses browser-cached fonts without exposing fallback typography
[44/142] [chromium] › tests/fonts/cached-first-frame/browser.spec.ts:112:1 › a reload that revalidates fonts still protects every observed waiting frame
[45/142] [chromium] › tests/fonts/cached-first-frame/browser.spec.ts:128:1 › cached representative Latin, CJK, code and math pages keep ready geometry stable
[46/142] [chromium] › tests/fonts/conditional-loading/browser.spec.ts:5:1 › content analysis loads only the conditional font resources in use
[47/142] [chromium] › tests/fonts/loading-gate/browser.spec.ts:63:3 › a slow cold document keeps protected content and waiting feedback for multiple cycles (no-preference)
[48/142] [chromium] › tests/fonts/loading-gate/browser.spec.ts:63:3 › a slow cold document keeps protected content and waiting feedback for multiple cycles (reduce)
[49/142] [chromium] › tests/fonts/loading-gate/browser.spec.ts:105:1 › a first 404 response hides every text surface until its required fonts are ready
[50/142] [chromium] › tests/fonts/loading-gate/browser.spec.ts:134:1 › font failure never publishes fallback content or false readiness after two progress cycles
[51/142] [chromium] › tests/fonts/navigation-gate-cancellation/browser.spec.ts:32:1 › client navigation keeps the outgoing page and waiting feedback until target fonts are ready
[52/142] [chromium] › tests/fonts/navigation-gate-cancellation/browser.spec.ts:69:1 › Back cancels a pending font task and restores the ready history entry
[53/142] [chromium] › tests/fonts/navigation-gate-cancellation/browser.spec.ts:103:1 › a second waiting navigation owns the UI when the first font task completes late
[54/142] [chromium] › tests/fonts/navigation-gate-cancellation/browser.spec.ts:172:1 › a late initial-font callback cannot publish state or restore scroll into a newer document
[55/142] [chromium] › tests/layout/header-controls/browser.spec.ts:3:1 › the header exposes theme and utility controls across desktop and mobile
[56/142] [chromium] › tests/layout/home-link-emphasis/browser.spec.ts:3:1 › homepage project and recent-article titles stay quiet until interaction
[57/142] [chromium] › tests/layout/responsive-boundaries/browser.spec.ts:130:1 › representative page families stay within the sampled responsive geometry boundaries
[58/142] [chromium] › tests/layout/responsive-boundaries/browser.spec.ts:160:1 › touch navigation stays usable when rotating a tablet-sized viewport in either locale
[59/142] [chromium] › tests/locale/content-language-fallback/browser.spec.ts:3:1 › fallback article content cannot override the requested interface language
[60/142] [chromium] › tests/locale/localized-404/browser.spec.ts:3:1 › the root fallback preserves the 404 status and uses the route locale
[61/142] [chromium] › tests/locale/preference/browser.spec.ts:3:1 › the neutral entry redirects from the saved locale without losing URL state
[62/142] [chromium] › tests/locale/route-state-transfer/browser.spec.ts:8:1 › same-build language navigation preserves route state, wallpaper visual, and click-time scroll
[63/142] [chromium] › tests/locale/route-state-transfer/browser.spec.ts:52:1 › same-build navigation preserves the wallpaper visual and uses target locale semantics
[64/142] [chromium] › tests/media/image-viewer/browser.spec.ts:14:1 › explicit image attachments open a keyboard-dismissible viewer
[65/142] [chromium] › tests/media/image-viewer/browser.spec.ts:62:1 › opening the image viewer preserves shell geometry and page scroll
[66/142] [chromium] › tests/media/image-viewer/browser.spec.ts:91:1 › media enhancement retries its stylesheet after a failed client entry
[67/142] [chromium] › tests/media/image-viewer/browser.spec.ts:120:1 › a successful stylesheet is reacquired after leaving and returning to the article
[68/142] [chromium] › tests/navigation/document-transition/browser.spec.ts:21:3 › ordinary cross-page navigation keeps the outgoing scroll until the transparent swap (native View Transition available)
[69/142] [chromium] › tests/navigation/document-transition/browser.spec.ts:21:3 › ordinary cross-page navigation keeps the outgoing scroll until the transparent swap (reduced motion)
[70/142] [chromium] › tests/navigation/fragment-entry-placement/browser.spec.ts:6:1 › cross-page fragment placement is complete before the target begins to appear
[71/142] [chromium] › tests/navigation/input-modality-focus/browser.spec.ts:3:1 › keyboard navigation focuses target content while pointer navigation preserves focus semantics
[72/142] [chromium] › tests/navigation/intent-arbitration/browser.spec.ts:65:1 › a navigation superseded during its outgoing fade cannot swap or leave visual state behind
[73/142] [chromium] › tests/navigation/intent-arbitration/browser.spec.ts:94:1 › a newer navigation cancels stale preparation without a late error or swap
[74/142] [chromium] › tests/navigation/intent-arbitration/browser.spec.ts:137:1 › a latest blog tag intent cancels a slow back traversal without rewriting the about entry
[75/142] [chromium] › tests/navigation/intent-arbitration/browser.spec.ts:190:1 › a same-frame skip link supersedes queued blog tags after their view transactions settle
[76/142] [chromium] › tests/navigation/intent-arbitration/browser.spec.ts:215:1 › a queued local tag intent cannot pull an article navigation back to the blog
[77/142] [chromium] › tests/navigation/intent-arbitration/browser.spec.ts:242:1 › an outgoing search cannot rewrite the destination of a slow history traversal
[78/142] [chromium] › tests/navigation/persistent-controls/browser.spec.ts:4:1 › pending document navigation leaves header and wallpaper controls usable
[79/142] [chromium] › tests/navigation/progress-visibility/browser.spec.ts:35:3 › progress matches the original header animation (no-preference)
[80/142] [chromium] › tests/navigation/progress-visibility/browser.spec.ts:35:3 › progress matches the original header animation (reduce)
[81/142] [chromium] › tests/navigation/route-announcer-scope/browser.spec.ts:33:1 › local views suppress the route announcer scope while document navigation restores announcements
[82/142] [chromium] › tests/navigation/route-announcer-scope/browser.spec.ts:51:1 › eight local blog navigations keep route announcers bounded before a document navigation announces
[83/142] [chromium] › tests/navigation/scroll-restoration/browser.spec.ts:5:1 › a deep hard refresh restores the matching history entry at the first-contentful-paint observation boundary
[84/142] [chromium] › tests/navigation/scroll-restoration/browser.spec.ts:45:1 › history traversal restores its scroll in the first sampled frames after the target route is swapped
[85/142] [chromium] › tests/navigation/slow-request-feedback/browser.spec.ts:6:1 › slow same-build navigation delays persistent progress without replacing the old page
[86/142] [chromium] › tests/navigation/slow-request-feedback/browser.spec.ts:90:1 › a fast prepared navigation does not show delayed progress during its outgoing fade
[87/142] [chromium] › tests/navigation/view-ownership/browser.spec.ts:14:1 › blog tag views commit locally, retain the shell, and restore target history state
[88/142] [chromium] › tests/overlays/navigation-start-cleanup/browser.spec.ts:5:1 › persistent popovers close at navigation start instead of surviving until page swap
[89/142] [chromium] › tests/overlays/navigation-start-cleanup/browser.spec.ts:43:1 › modal figure and media viewers close while navigation is preparing
[90/142] [chromium] › tests/overlays/popover-exclusivity/browser.spec.ts:7:1 › transient popovers stay exclusive and close when their invoking layout disappears
[91/142] [chromium] › tests/research/client-navigation-lifecycle/browser.spec.ts:5:1 › research figures leave cleanly and initialize one instance on the next client entry
[92/142] [chromium] › tests/research/control-interactions/browser.spec.ts:5:1 › research controls respond, and the Frenet control survives an appearance change
[93/142] [chromium] › tests/research/figure-focus-mode/browser.spec.ts:25:1 › focus mode moves one live figure and keeps its latest parameter state
[94/142] [chromium] › tests/research/figure-focus-mode/browser.spec.ts:65:1 › opening figure focus mode preserves shell geometry and page scroll
[95/142] [chromium] › tests/research/figure-focus-mode/browser.spec.ts:86:1 › focus mode preserves a selected 3D camera and panel proportion
[96/142] [chromium] › tests/research/figure-focus-mode/browser.spec.ts:135:1 › focus controls expose localized open and close actions
[97/142] [chromium] › tests/research/figure-focus-mode/browser.spec.ts:150:1 › figure content stays open while the visible dialog surround closes focus mode
[98/142] [chromium] › tests/research/frenet-label-domain/browser.spec.ts:81:3 › rendered geometry labels remain readable at wide positive extremes
[99/142] [chromium] › tests/research/frenet-label-domain/browser.spec.ts:81:3 › rendered geometry labels remain readable at narrow negative extremes
[100/142] [chromium] › tests/research/island-startup/browser.spec.ts:5:1 › Frenet and closed-loop islands render their expected plot containers
[101/142] [chromium] › tests/research/loading-layout-stability/browser.spec.ts:54:1 › loading the Plotly runtime does not move the following article content
[102/142] [chromium] › tests/research/loading-layout-stability/browser.spec.ts:71:1 › a Plotly runtime failure replaces the reserved region without moving the article
[103/142] [chromium] › tests/research/motion-drag/browser.spec.ts:3:1 › the server-rendered project preview responds to two-dimensional dragging
[104/142] [chromium] › tests/research/sidebar-state-continuity/browser.spec.ts:6:1 › sidebar layout changes preserve the live Frenet parameter and camera state
[105/142] [chromium] › tests/search/deployment-cache/browser.spec.ts:8:1 › a warm browser cache cannot substitute the previous deployment search entry
[106/142] [chromium] › tests/search/focus-keyboard/browser.spec.ts:12:1 › keyboard movement enters results and Escape clears the query
[107/142] [chromium] › tests/search/focus-keyboard/browser.spec.ts:28:1 › a committed replacement restores result focus only while it remains the user focus
[108/142] [chromium] › tests/search/ime-composition/browser.spec.ts:7:1 › composition keeps the committed results until the composed query is confirmed
[109/142] [chromium] › tests/search/query-url/browser.spec.ts:18:1 › query, URL, and localized results stay aligned
[110/142] [chromium] › tests/search/query-url/browser.spec.ts:38:1 › search query replacement is lifecycle-silent, keeps history length, and applies traversal in place
[111/142] [chromium] › tests/search/result-atomic-commit/browser.spec.ts:73:1 › a warm query keeps sampled frames populated and commits summary with results
[112/142] [chromium] › tests/search/result-atomic-commit/browser.spec.ts:162:1 › a slow result fragment keeps the previous cards and summary visible until the replacement commits
[113/142] [chromium] › tests/search/result-atomic-commit/browser.spec.ts:189:1 › a refresh fragment error leaves the previous results usable and reports the error in the search region
[114/142] [chromium] › tests/search/result-atomic-commit/browser.spec.ts:216:1 › a timed-out replacement keeps old results and a later query can recover
[115/142] [chromium] › tests/search/result-atomic-commit/browser.spec.ts:242:1 › new result fonts are prepared while the previous result remains visible
[116/142] [chromium] › tests/search/result-card-layout/browser.spec.ts:12:1 › narrow search cards contain long titles, paths, and highlighted text without clipping
[117/142] [chromium] › tests/search/result-card-layout/browser.spec.ts:61:1 › section groups remain geometrically contained by their result cards
[118/142] [chromium] › tests/search/return-restoration/browser.spec.ts:11:1 › returning from a result restores the query, results, and search-page scroll
[119/142] [chromium] › tests/search/stale-task-invalidation/browser.spec.ts:46:1 › clearing a query invalidates delayed work and cannot let it restore stale cards
[120/142] [chromium] › tests/search/stale-task-invalidation/browser.spec.ts:70:1 › a superseded result cannot commit during the next input debounce
[121/142] [chromium] › tests/search/startup-fallback/browser.spec.ts:4:3 › pagefind.js failure restores a usable static route out of search
[122/142] [chromium] › tests/search/startup-fallback/browser.spec.ts:4:3 › pagefind-component-ui.js failure restores a usable static route out of search
[123/142] [chromium] › tests/search/startup-fallback/browser.spec.ts:4:3 › pagefind-entry.json failure restores a usable static route out of search
[124/142] [chromium] › tests/search/startup-fallback/browser.spec.ts:23:3 › a stalled component cannot trap cold search entry or revive its failed view
[125/142] [chromium] › tests/search/startup-fallback/browser.spec.ts:23:3 › a stalled component cannot trap client search entry or revive its failed view
[126/142] [chromium] › tests/wallpaper/activity-policy/browser.spec.ts:78:1 › reduced motion disables automatic rotation and makes manual advance immediate
[127/142] [chromium] › tests/wallpaper/activity-policy/browser.spec.ts:100:1 › a hidden document clears activity and resumes with one fresh schedule
[128/142] [chromium] › tests/wallpaper/advance-failure-recovery/browser.spec.ts:4:1 › a failed candidate request leaves the current photo intact and permits a successful retry
[129/142] [chromium] › tests/wallpaper/advance-failure-recovery/browser.spec.ts:54:1 › disabling scenic mode cancels a pending decode without consuming the next photo
[130/142] [chromium] › tests/wallpaper/control-semantics/browser.spec.ts:26:1 › theme and scenic mode change only their own preference and presentation
[131/142] [chromium] › tests/wallpaper/control-semantics/browser.spec.ts:60:1 › auto rotation and next change only their owned state
[132/142] [chromium] › tests/wallpaper/control-semantics/browser.spec.ts:88:1 › download saves the visible photo without changing appearance or the queue
[133/142] [chromium] › tests/wallpaper/image-policy/browser.spec.ts:10:1 › a new document policy replaces only next and leaves the visible current untouched
[134/142] [chromium] › tests/wallpaper/manual-advance/browser.spec.ts:12:1 › the fade start releases next, and another click can advance during the unfinished fade
[135/142] [chromium] › tests/wallpaper/manual-advance/browser.spec.ts:150:1 › missing transition events cannot leave the next control busy indefinitely
[136/142] [chromium] › tests/wallpaper/manual-advance/browser.spec.ts:166:1 › the current photo remains authoritative until the prepared next slot decodes
[137/142] [chromium] › tests/wallpaper/rotation-reset/browser.spec.ts:11:1 › fade completion starts a fresh rotation period before spare-image loading completes
[138/142] [chromium] › tests/wallpaper/script-delivery/browser.spec.ts:6:1 › the wallpaper uses one content-addressed classic script across page navigation
[139/142] [chromium] › tests/wallpaper/slot-storage/browser.spec.ts:4:1 › each tab prepares exactly current and next even while scenic mode is off
[140/142] [chromium] › tests/wallpaper/slot-storage/browser.spec.ts:46:1 › each tab advances its own logical current slot without changing another tab
[141/142] [chromium] › tests/wallpaper/warm-reload/browser.spec.ts:37:1 › a saved photo and attribution own every warm-refresh first frame without replay
[142/142] [chromium] › tests/wallpaper/warm-reload/browser.spec.ts:126:1 › a newly committed photo keeps the same final presentation after reload
  142 passed (3.5m)
